// Jest Snapshot v1, https://goo.gl/fbAQLP

exports[`SortMenu should match snapshot 1`] = `
<Modal
  animationType="slide"
  hardwareAccelerated={false}
  onRequestClose={[Function]}
  transparent={true}
  visible={true}
>
  <View
    accessible={true}
    collapsable={false}
    focusable={true}
    onBlur={[Function]}
    onClick={[Function]}
    onFocus={[Function]}
    onResponderGrant={[Function]}
    onResponderMove={[Function]}
    onResponderRelease={[Function]}
    onResponderTerminate={[Function]}
    onResponderTerminationRequest={[Function]}
    onStartShouldSetResponder={[Function]}
    style={
      Object {
        "alignItems": "center",
        "backgroundColor": "rgba(0,0,0,0.5)",
        "flex": 1,
        "flexDirection": "row",
        "justifyContent": "center",
      }
    }
  >
    <View
      style={
        Object {
          "backgroundColor": "white",
          "borderRadius": 5,
          "flexGrow": 1,
          "justifyContent": "center",
          "margin": 20,
          "opacity": 1,
          "padding": 10,
        }
      }
    >
      <View
        defaultValue="Nama A-Z"
        items={
          Array [
            Object {
              "key": "URUTKAN",
              "text": "URUTKAN",
            },
            Object {
              "key": "Nama A-Z",
              "text": "Nama A-Z",
            },
            Object {
              "key": "Nama Z-A",
              "text": "Nama Z-A",
            },
            Object {
              "key": "Tanggal Terbaru",
              "text": "Tanggal Terbaru",
            },
            Object {
              "key": "Tanggal Terlama",
              "text": "Tanggal Terlama",
            },
          ]
        }
        onSelection={[MockFunction]}
        testID="sort-radio-buttons"
      >
        <View
          accessible={true}
          collapsable={false}
          focusable={true}
          onBlur={[Function]}
          onClick={[Function]}
          onFocus={[Function]}
          onResponderGrant={[Function]}
          onResponderMove={[Function]}
          onResponderRelease={[Function]}
          onResponderTerminate={[Function]}
          onResponderTerminationRequest={[Function]}
          onStartShouldSetResponder={[Function]}
          style={
            Object {
              "alignItems": "center",
              "flexDirection": "row",
              "padding": 20,
            }
          }
        >
          <View
            style={
              Object {
                "alignItems": "center",
                "flexDirection": "row",
              }
            }
          >
            <View
              style={
                Object {
                  "alignItems": "center",
                  "borderColor": "#FF6347",
                  "borderRadius": 100,
                  "borderWidth": 2,
                  "height": 20,
                  "justifyContent": "center",
                  "width": 20,
                }
              }
            />
            <Text
              style={
                Object {
                  "color": "#000",
                  "fontSize": 20,
                  "fontWeight": "700",
                  "marginLeft": 20,
                }
              }
            >
              URUTKAN
            </Text>
          </View>
        </View>
        <View
          accessible={true}
          collapsable={false}
          focusable={true}
          onBlur={[Function]}
          onClick={[Function]}
          onFocus={[Function]}
          onResponderGrant={[Function]}
          onResponderMove={[Function]}
          onResponderRelease={[Function]}
          onResponderTerminate={[Function]}
          onResponderTerminationRequest={[Function]}
          onStartShouldSetResponder={[Function]}
          style={
            Object {
              "alignItems": "center",
              "flexDirection": "row",
              "padding": 20,
            }
          }
        >
          <View
            style={
              Object {
                "alignItems": "center",
                "flexDirection": "row",
              }
            }
          >
            <View
              style={
                Object {
                  "alignItems": "center",
                  "borderColor": "#FF6347",
                  "borderRadius": 100,
                  "borderWidth": 2,
                  "height": 20,
                  "justifyContent": "center",
                  "width": 20,
                }
              }
            >
              <View
                style={
                  Object {
                    "backgroundColor": "#FF6347",
                    "borderRadius": 50,
                    "height": 10,
                    "width": 10,
                  }
                }
              />
            </View>
            <Text
              style={
                Object {
                  "color": "#000",
                  "fontSize": 20,
                  "fontWeight": "700",
                  "marginLeft": 20,
                }
              }
            >
              Nama A-Z
            </Text>
          </View>
        </View>
        <View
          accessible={true}
          collapsable={false}
          focusable={true}
          onBlur={[Function]}
          onClick={[Function]}
          onFocus={[Function]}
          onResponderGrant={[Function]}
          onResponderMove={[Function]}
          onResponderRelease={[Function]}
          onResponderTerminate={[Function]}
          onResponderTerminationRequest={[Function]}
          onStartShouldSetResponder={[Function]}
          style={
            Object {
              "alignItems": "center",
              "flexDirection": "row",
              "padding": 20,
            }
          }
        >
          <View
            style={
              Object {
                "alignItems": "center",
                "flexDirection": "row",
              }
            }
          >
            <View
              style={
                Object {
                  "alignItems": "center",
                  "borderColor": "#FF6347",
                  "borderRadius": 100,
                  "borderWidth": 2,
                  "height": 20,
                  "justifyContent": "center",
                  "width": 20,
                }
              }
            />
            <Text
              style={
                Object {
                  "color": "#000",
                  "fontSize": 20,
                  "fontWeight": "700",
                  "marginLeft": 20,
                }
              }
            >
              Nama Z-A
            </Text>
          </View>
        </View>
        <View
          accessible={true}
          collapsable={false}
          focusable={true}
          onBlur={[Function]}
          onClick={[Function]}
          onFocus={[Function]}
          onResponderGrant={[Function]}
          onResponderMove={[Function]}
          onResponderRelease={[Function]}
          onResponderTerminate={[Function]}
          onResponderTerminationRequest={[Function]}
          onStartShouldSetResponder={[Function]}
          style={
            Object {
              "alignItems": "center",
              "flexDirection": "row",
              "padding": 20,
            }
          }
        >
          <View
            style={
              Object {
                "alignItems": "center",
                "flexDirection": "row",
              }
            }
          >
            <View
              style={
                Object {
                  "alignItems": "center",
                  "borderColor": "#FF6347",
                  "borderRadius": 100,
                  "borderWidth": 2,
                  "height": 20,
                  "justifyContent": "center",
                  "width": 20,
                }
              }
            />
            <Text
              style={
                Object {
                  "color": "#000",
                  "fontSize": 20,
                  "fontWeight": "700",
                  "marginLeft": 20,
                }
              }
            >
              Tanggal Terbaru
            </Text>
          </View>
        </View>
        <View
          accessible={true}
          collapsable={false}
          focusable={true}
          onBlur={[Function]}
          onClick={[Function]}
          onFocus={[Function]}
          onResponderGrant={[Function]}
          onResponderMove={[Function]}
          onResponderRelease={[Function]}
          onResponderTerminate={[Function]}
          onResponderTerminationRequest={[Function]}
          onStartShouldSetResponder={[Function]}
          style={
            Object {
              "alignItems": "center",
              "flexDirection": "row",
              "padding": 20,
            }
          }
        >
          <View
            style={
              Object {
                "alignItems": "center",
                "flexDirection": "row",
              }
            }
          >
            <View
              style={
                Object {
                  "alignItems": "center",
                  "borderColor": "#FF6347",
                  "borderRadius": 100,
                  "borderWidth": 2,
                  "height": 20,
                  "justifyContent": "center",
                  "width": 20,
                }
              }
            />
            <Text
              style={
                Object {
                  "color": "#000",
                  "fontSize": 20,
                  "fontWeight": "700",
                  "marginLeft": 20,
                }
              }
            >
              Tanggal Terlama
            </Text>
          </View>
        </View>
      </View>
    </View>
  </View>
</Modal>
`;
