// Jest Snapshot v1, https://goo.gl/fbAQLP

exports[`Transaction Item should match snapshot 1`] = `
<View
  accessible={true}
  collapsable={false}
  focusable={true}
  onBlur={[Function]}
  onClick={[Function]}
  onFocus={[Function]}
  onResponderGrant={[Function]}
  onResponderMove={[Function]}
  onResponderRelease={[Function]}
  onResponderTerminate={[Function]}
  onResponderTerminationRequest={[Function]}
  onStartShouldSetResponder={[Function]}
  style={
    Object {
      "flexDirection": "row",
      "marginTop": 10,
    }
  }
  testID="transaction-item"
>
  <View
    style={
      Array [
        Object {
          "borderBottomLeftRadius": 10,
          "borderTopLeftRadius": 10,
          "flex": 0.02,
        },
        Object {
          "backgroundColor": "#00AF33",
        },
      ]
    }
    testID="sidebar"
  />
  <View
    style={
      Object {
        "backgroundColor": "white",
        "borderBottomRightRadius": 5,
        "borderTopRightRadius": 5,
        "flex": 1,
        "flexDirection": "row",
        "padding": 10,
      }
    }
  >
    <View
      style={
        Object {
          "flex": 1,
        }
      }
    >
      <Text
        style={
          Object {
            "fontSize": 20,
            "fontWeight": "bold",
          }
        }
      >
        bni -&gt; bca
      </Text>
      <Text
        style={
          Object {
            "fontSize": 16,
            "fontWeight": "bold",
          }
        }
      >
        Sammy-Jo Mccall
      </Text>
      <Text
        style={
          Object {
            "fontSize": 16,
            "fontWeight": "bold",
          }
        }
      >
        Rp.2629107 . 2021-09-02 20:49:49
      </Text>
    </View>
    <View
      accessible={true}
      collapsable={false}
      focusable={true}
      onBlur={[Function]}
      onClick={[Function]}
      onFocus={[Function]}
      onResponderGrant={[Function]}
      onResponderMove={[Function]}
      onResponderRelease={[Function]}
      onResponderTerminate={[Function]}
      onResponderTerminationRequest={[Function]}
      onStartShouldSetResponder={[Function]}
      style={
        Object {
          "justifyContent": "center",
        }
      }
      testID="success-button"
      title="Berhasil"
    >
      <Text
        style={
          Object {
            "backgroundColor": "#00AF33",
            "borderRadius": 10,
            "color": "#FFFFFF",
            "fontSize": 16,
            "fontWeight": "bold",
            "margin": 5,
            "padding": 10,
            "textAlignVertical": "center",
          }
        }
      >
        Berhasil
      </Text>
    </View>
  </View>
</View>
`;
