// Jest Snapshot v1, https://goo.gl/fbAQLP

exports[`Primary Button should match snapshot 1`] = `
<View
  accessible={true}
  collapsable={false}
  focusable={true}
  nativeID="animatedComponent"
  onClick={[Function]}
  onResponderGrant={[Function]}
  onResponderMove={[Function]}
  onResponderRelease={[Function]}
  onResponderTerminate={[Function]}
  onResponderTerminationRequest={[Function]}
  onStartShouldSetResponder={[Function]}
  style={
    Object {
      "justifyContent": "center",
      "opacity": 1,
    }
  }
>
  <Text
    style={
      Object {
        "color": "#FF6347",
        "fontSize": 14,
        "fontWeight": "bold",
        "margin": 10,
        "textAlignVertical": "center",
      }
    }
  >
    title
  </Text>
</View>
`;
